[Wed Apr  1 16:00:01 KST 2026] Starting dashboard update...
Written: /home/ubuntu/quanty-dashboard/docs/data/dashboard_data.json
Equity history already has 2026-04-01, skipping
[Wed Apr  1 16:00:04 KST 2026] Dashboard updated and pushed.
[Wed Apr  1 16:00:04 KST 2026] Discord notification sent.
[Thu Apr  2 06:30:01 KST 2026] Starting dashboard update...
Written: /home/ubuntu/quanty-dashboard/docs/data/dashboard_data.json
Appended equity history for 2026-04-02
[Thu Apr  2 06:30:06 KST 2026] Dashboard updated and pushed.
Discord notification sent successfully
[Thu Apr  2 06:30:07 KST 2026] Discord notification sent.
[Thu Apr  2 16:00:01 KST 2026] Starting dashboard update...
Written: /home/ubuntu/quanty-dashboard/docs/data/dashboard_data.json
Equity history already has 2026-04-02, skipping
[Thu Apr  2 16:00:06 KST 2026] Dashboard updated and pushed.
Discord notification sent successfully
[Thu Apr  2 16:00:07 KST 2026] Discord notification sent.
[Fri Apr  3 06:30:01 KST 2026] Starting dashboard update...
INFO:root:Data fetch complete.
INFO:inquire_period_profit:Data fetch complete.
INFO:root:Data fetch complete.
INFO:root:Data fetch complete.
INFO:inquire_balance:Data fetch complete.
INFO:inquire_psamount:Data fetch complete.
Written: /home/ubuntu/quanty-dashboard/docs/data/dashboard_data.json
Appended equity history for 2026-04-03
[Fri Apr  3 06:30:10 KST 2026] Dashboard updated and pushed.
Discord notification sent successfully
[Fri Apr  3 06:30:11 KST 2026] Discord notification sent.
[Fri Apr  3 16:00:01 KST 2026] Starting dashboard update...
INFO:root:Data fetch complete.
INFO:inquire_period_profit:Data fetch complete.
INFO:root:Data fetch complete.
INFO:root:Data fetch complete.
INFO:inquire_balance:Data fetch complete.
INFO:inquire_psamount:Data fetch complete.
Written: /home/ubuntu/quanty-dashboard/docs/data/dashboard_data.json
Equity history already has 2026-04-03, skipping
[Fri Apr  3 16:00:12 KST 2026] Dashboard updated and pushed.
Discord notification sent successfully
[Fri Apr  3 16:00:13 KST 2026] Discord notification sent.
